[debug] [2026-06-29T07:04:32.885Z] ----------------------------------------------------------------------
[debug] [2026-06-29T07:04:32.888Z] Command:       C:\Program Files\nodejs\node.exe C:\Users\User\AppData\Roaming\npm\node_modules\firebase-tools\lib\bin\firebase.js init hosting
[debug] [2026-06-29T07:04:32.889Z] CLI Version:   15.22.3
[debug] [2026-06-29T07:04:32.889Z] Platform:      win32
[debug] [2026-06-29T07:04:32.889Z] Node Version:  v24.15.0
[debug] [2026-06-29T07:04:32.889Z] Detected Agent: unknown
[debug] [2026-06-29T07:04:32.889Z] Time:          Mon Jun 29 2026 14:04:32 GMT+0700 (Indochina Time)
[debug] [2026-06-29T07:04:32.889Z] ----------------------------------------------------------------------
[debug] 
[info] 
     ######## #### ########  ######## ########     ###     ######  ########
     ##        ##  ##     ## ##       ##     ##  ##   ##  ##       ##
     ######    ##  ########  ######   ########  #########  ######  ######
     ##        ##  ##    ##  ##       ##     ## ##     ##       ## ##
     ##       #### ##     ## ######## ########  ##     ##  ######  ########

You're about to initialize a Firebase project in this directory:

  C:\aniverse

Before we get started, keep in mind:

  * You are currently outside your home directory

[info] 
=== Project Setup
[info] 
[info] First, let's associate this project directory with a Firebase project.
[info] You can create multiple project aliases by running firebase use --add, 
[info] 
