Flutter crash report.
Please report a bug at https://github.com/flutter/flutter/issues.

## command

flutter run -d web-server --web-hostname 127.0.0.1 --web-port 5080

## exception

DartDevelopmentServiceException: DartDevelopmentServiceException: WebSocketChannelException: WebSocketException: Connection to 'http://127.0.0.1:63908/OdD3fZn59F4=/ws#' was not upgraded to websocket

```
```

## flutter doctor

```
[✓] Flutter (Channel stable, 3.44.0, on Microsoft Windows [Version 10.0.19045.7291], locale en-US) [461ms]
    • Flutter version 3.44.0 on channel stable at C:\flutter
    • Upstream repository https://github.com/flutter/flutter.git
    • Framework revision 559ffa3f75 (3 weeks ago), 2026-05-15 14:13:13 -0700
    • Engine revision 4c525dac5e
    • Dart version 3.12.0
    • DevTools version 2.57.0
    • Feature flags: enable-web, enable-linux-desktop, enable-macos-desktop, enable-windows-desktop, enable-android, enable-ios, cli-animations, enable-native-assets, enable-swift-package-manager, omit-legacy-version-file, enable-lldb-debugging, enable-uiscene-migration

[✓] Windows Version (10 Pro 64-bit, 22H2, 2009) [2.6s]

[✓] Android toolchain - develop for Android devices (Android SDK version 36.1.0) [18.0s]
    • Android SDK at C:\Users\User\AppData\Local\Android\sdk
    • Emulator version 36.5.11.0 (build_id 15261927) (CL:N/A)
    • Platform android-36.1, build-tools 36.1.0
    • Java binary at: C:\Program Files\Android\Android Studio\jbr\bin\java
      This is the JDK bundled with the latest Android Studio installation on this machine.
      To manually set the JDK path, use: `flutter config --jdk-dir="path/to/jdk"`.
    • Java version OpenJDK Runtime Environment (build 21.0.10+-14961533-b1163.108)
    • All Android licenses accepted.

[✓] Chrome - develop for the web [12ms]
    • Chrome at C:\Program Files\Google\Chrome\Application\chrome.exe

[✗] Visual Studio - develop Windows apps [11ms]
    ✗ Visual Studio not installed; this is necessary to develop Windows apps.
      Download at https://visualstudio.microsoft.com/downloads/.
      Please install the "Desktop development with C++" workload, including all of its default components

[✓] Connected device (4 available) [386ms]
    • Windows (desktop) • windows    • windows-x64    • Microsoft Windows [Version 10.0.19045.7291]
    • Web Server (web)  • web-server • web-javascript • Flutter Tools
    • Chrome (web)      • chrome     • web-javascript • Google Chrome 148.0.7778.217
    • Edge (web)        • edge       • web-javascript • Microsoft Edge 148.0.3967.96

[✓] Network resources [9.0s]
    • All expected network resources are available.

! Doctor found issues in 1 category.
```
